#
# There is insufficient memory for the Java Runtime Environment to continue.
# Native memory allocation (mmap) failed to map 266338304 bytes for G1 virtual space
# Possible reasons:
#   The system is out of physical RAM or swap space
#   The process is running with CompressedOops enabled, and the Java Heap may be blocking the growth of the native heap
# Possible solutions:
#   Reduce memory load on the system
#   Increase physical memory or swap space
#   Check if swap backing store is full
#   Decrease Java heap size (-Xmx/-Xms)
#   Decrease number of Java threads
#   Decrease Java thread stack sizes (-Xss)
#   Set larger code cache with -XX:ReservedCodeCacheSize=
#   JVM is running with Zero Based Compressed Oops mode in which the Java heap is
#     placed in the first 32GB address space. The Java Heap base address is the
#     maximum limit for the native heap growth. Please use -XX:HeapBaseMinAddress
#     to set the Java Heap base and to place the Java Heap above 32GB virtual address.
# This output file may be truncated or incomplete.
#
#  Out of Memory Error (os_windows.cpp:3550), pid=19180, tid=9344
#
# JRE version:  (17.0.8+9) (build )
# Java VM: Java HotSpot(TM) 64-Bit Server VM (17.0.8+9-LTS-211, mixed mode, sharing, tiered, compressed oops, compressed class ptrs, g1 gc, windows-amd64)
# No core dump will be written. Minidumps are not enabled by default on client versions of Windows
#

---------------  S U M M A R Y ------------

Command Line: -javaagent:C:\Program Files\JetBrains\IntelliJ IDEA Community Edition 2023.2.2\lib\idea_rt.jar=39384:C:\Program Files\JetBrains\IntelliJ IDEA Community Edition 2023.2.2\bin -Dfile.encoding=UTF-8 com.simplon.easyportfolio.api.ApiApplication

Host: Intel(R) Core(TM) i5-10210U CPU @ 1.60GHz, 8 cores, 15G,  Windows 11 , 64 bit Build 22621 (10.0.22621.3672)
Time: Sat Jul 27 12:26:13 2024 Paris, Madrid (heure duild 22621 (10.0.22621.3672) elapsed time: 0.009561 seconds (0d 0h 0m 0s)

---------------  T H R E A D  ---------------

Current thread (0x000001868bff0fd0):  JavaThread "Unknown thread" [_thread_in_vm, id=9344, stack(0x0000002377500000,0x0000002377600000)]

Stack: [0x0000002377500000,0x0000002377600000]
Native frames: (J=compiled Java code, j=interpreted, Vv=VM code, C=native code)
V  [jvm.dll+0x677d0a]
V  [jvm.dll+0x7d8c54]
V  [jvm.dll+0x7da3fe]
V  [jvm.dll+0x7daa63]
V  [jvm.dll+0x245c5f]
V  [jvm.dll+0x674bb9]
V  [jvm.dll+0x6694f2]
V  [jvm.dll+0x3031d6]
V  [jvm.dll+0x30a756]
V  [jvm.dll+0x359f9e]
V  [jvm.dll+0x35a1cf]
V  [jvm.dll+0x2da3e8]
V  [jvm.dll+0x2db354]
V  [jvm.dll+0x7aa711]
V  [jvm.dll+0x367b51]
V  [jvm.dll+0x789979]
V  [jvm.dll+0x3eb05f]
V  [jvm.dll+0x3ecae1]
C  [jli.dll+0x5297]
C  [ucrtbase.dll+0x29333]
C  [KERNEL32.DLL+0x1257d]
C  [ntdll.dll+0x5af28]


---------------  P R O C E S S  ---------------

Threads class SMR info:
_java_thread_list=0x00007fff1e9459d8, length=0, elements={
}

Java Threads: ( => current thread )

Other Threads:
  0x000001868c05d830 GCTaskThread "GC Thread#0" [stack: 0x0000002377600000,0x0000002377700000] [id=23380]
  0x000001868c06e4f0 ConcurrentGCThread "G1 Main Marker" [stack: 0x0000002377700000,0x0000002377800000] [id=16428]
  0x000001868c0706b0 ConcurrentGCThread "G1 Conc#0" [stack: 0x0000002377800000,0x0000002377900000] [id=18808]

[error occurred during error reporting (printing all threads), id 0xc0000005, EXCEPTION_ACCESS_VIOLATION (0xc0000005) at pc=0x00007fff1e17b047]

VM state: not at safepoint (not fully initialized)

VM Mutex/Monitor currently owned by a thread:  ([mutex/lock_event])
[0x000001868bfedba0] Heap_lock - owner thread: 0x000001868bff0fd0

Heap address: 0x0000000702800000, size: 4056 MB, Compressed Oops mode: Zero based, Oop shift amount: 3

CDS archive(s) mapped at: [0x0000000000000000-0x0000000000000000-0x0000000000000000), size 0, SharedBaseAddress: 0x0000000800000000, ArchiveRelocationMode: 1.
Narrow klass base: 0x0000000000000000, Narrow klass shift: 0, Narrow klass range: 0x0

GC Precious Log:
<Empty>

Heap:
 garbage-first heap   total 0K, used 0K [0x0000000702800000, 0x0000000800000000)
  region size 2048K, 0 young (0K), 0 survivors (0K)

[error occurred during error reporting (printing heap information), id 0xc0000005, EXCEPTION_ACCESS_VIOLATION (0xc0000005) at pc=0x00007fff1e561499]

GC Heap History (0 events):
No events

Deoptimization events (0 events):
No events

Classes unloaded (0 events):
No events

Classes redefined (0 events):
No events

Internal exceptions (0 events):
No events

VM Operations (0 events):
No events

Events (1 events):
Event: 0.006 Loaded shared library C:\jdk-17.0.8_windows-x64_bin\jdk-17.0.8\bin\java.dll


Dynamic libraries:
0x00007ff7c7490000 - 0x00007ff7c74a0000 	C:\jdk-17.0.8_windows-x64_bin\jdk-17.0.8\bin\java.exe
0x00007fff9fcd0000 - 0x00007fff9fee7000 	C:\WINDOWS\SYSTEM32\ntdll.dll
0x00007fff9e8d0000 - 0x00007fff9e994000 	C:\WINDOWS\System32\KERNEL32.DLL
0x00007fff9d1e0000 - 0x00007fff9d58d000 	C:\WINDOWS\System32\KERNELBASE.dll
0x00007fff9d7a0000 - 0x00007fff9d8b1000 	C:\WINDOWS\System32\ucrtbase.dll
0x00007fff94be0000 - 0x00007fff94bfb000 	C:\jdk-17.0.8_windows-x64_bin\jdk-17.0.8\bin\VCRUNTIME140.dll
0x00007fff98530000 - 0x00007fff98549000 	C:\jdk-17.0.8_windows-x64_bin\jdk-17.0.8\bin\jli.dll
0x00007fff9db80000 - 0x00007fff9dc32000 	C:\WINDOWS\System32\ADVAPI32.dll
0x00007fff9dad0000 - 0x00007fff9db77000 	C:\WINDOWS\System32\msvcrt.dll
0x00007fff9e7b0000 - 0x00007fff9e859000 	C:\WINDOWS\System32\sechost.dll
0x00007fff9d9e0000 - 0x00007fff9da08000 	C:\WINDOWS\System32\bcrypt.dll
0x00007fff9faf0000 - 0x00007fff9fc04000 	C:\WINDOWS\System32\RPCRT4.dll
0x00007fff9f0b0000 - 0x00007fff9f25e000 	C:\WINDOWS\System32\USER32.dll
0x00007fff9d8c0000 - 0x00007fff9d8e6000 	C:\WINDOWS\System32\win32u.dll
0x00007fff8acc0000 - 0x00007fff8af53000 	C:\WINDOWS\WinSxS\amd64_microsoft.windows.common-controls_6595b64144ccf1df_6.0.22621.3672_none_2713b9d173822955\COMCTL32.dll
0x00007fff9fac0000 - 0x00007fff9fae9000 	C:\WINDOWS\System32\GDI32.dll
0x00007fff9d0c0000 - 0x00007fff9d1d9000 	C:\WINDOWS\System32\gdi32full.dll
0x00007fff9d590000 - 0x00007fff9d62a000 	C:\WINDOWS\System32\msvcp_win.dll
0x00007fff95970000 - 0x00007fff9597a000 	C:\WINDOWS\SYSTEM32\VERSION.dll
0x00007fff9da90000 - 0x00007fff9dac1000 	C:\WINDOWS\System32\IMM32.DLL
0x00007fff98580000 - 0x00007fff9858c000 	C:\jdk-17.0.8_windows-x64_bin\jdk-17.0.8\bin\vcruntime140_1.dll
0x00007fff75590000 - 0x00007fff7561e000 	C:\jdk-17.0.8_windows-x64_bin\jdk-17.0.8\bin\msvcp140.dll
0x00007fff1de90000 - 0x00007fff1ea6e000 	C:\jdk-17.0.8_windows-x64_bin\jdk-17.0.8\bin\server\jvm.dll
0x00007fff9eb30000 - 0x00007fff9eb38000 	C:\WINDOWS\System32\PSAPI.DLL
0x00007fff959e0000 - 0x00007fff959e9000 	C:\WINDOWS\SYSTEM32\WSOCK32.dll
0x00007fff98360000 - 0x00007fff98394000 	C:\WINDOWS\SYSTEM32\WINMM.dll
0x00007fff9eb90000 - 0x00007fff9ec01000 	C:\WINDOWS\System32\WS2_32.dll
0x00007fff9c120000 - 0x00007fff9c138000 	C:\WINDOWS\SYSTEM32\kernel.appcore.dll
0x00007fff94f00000 - 0x00007fff94f0a000 	C:\jdk-17.0.8_windows-x64_bin\jdk-17.0.8\bin\jimage.dll
0x00007fff99f60000 - 0x00007fff9a192000 	C:\WINDOWS\SYSTEM32\DBGHELP.DLL
0x00007fff9ec10000 - 0x00007fff9ef98000 	C:\WINDOWS\System32\combase.dll
0x00007fff9efd0000 - 0x00007fff9f0a7000 	C:\WINDOWS\System32\OLEAUT32.dll
0x00007fff96140000 - 0x00007fff96172000 	C:\WINDOWS\SYSTEM32\dbgcore.DLL
0x00007fff9d960000 - 0x00007fff9d9db000 	C:\WINDOWS\System32\bcryptPrimitives.dll
0x00007fff98560000 - 0x00007fff9856e000 	C:\jdk-17.0.8_windows-x64_bin\jdk-17.0.8\bin\instrument.dll
0x00007fff94710000 - 0x00007fff94735000 	C:\jdk-17.0.8_windows-x64_bin\jdk-17.0.8\bin\java.dll

dbghelp: loaded successfully - version: 4.0.5 - missing functions: none
symbol engine: initialized successfully - sym options: 0x614 - pdb path: .;C:\jdk-17.0.8_windows-x64_bin\jdk-17.0.8\bin;C:\WINDOWS\SYSTEM32;C:\WINDOWS\WinSxS\amd64_microsoft.windows.common-controls_6595b64144ccf1df_6.0.22621.3672_none_2713b9d173822955;C:\jdk-17.0.8_windows-x64_bin\jdk-17.0.8\bin\server

VM Arguments:
jvm_args: -javaagent:C:\Program Files\JetBrains\IntelliJ IDEA Community Edition 2023.2.2\lib\idea_rt.jar=39384:C:\Program Files\JetBrains\IntelliJ IDEA Community Edition 2023.2.2\bin -Dfile.encoding=UTF-8 
java_command: com.simplon.easyportfolio.api.ApiApplication
java_class_path (initial): C:\Users\hugom\IdeaProjects\packEasyPortfolio\api\target\classes;C:\Users\hugom\.m2\repository\org\springframework\boot\spring-boot-starter-data-jpa\3.1.3\spring-boot-starter-data-jpa-3.1.3.jar;C:\Users\hugom\.m2\repository\org\springframework\boot\spring-boot-starter-aop\3.1.3\spring-boot-starter-aop-3.1.3.jar;C:\Users\hugom\.m2\repository\org\aspectj\aspectjweaver\1.9.20\aspectjweaver-1.9.20.jar;C:\Users\hugom\.m2\repository\org\springframework\boot\spring-boot-starter-jdbc\3.1.3\spring-boot-starter-jdbc-3.1.3.jar;C:\Users\hugom\.m2\repository\com\zaxxer\HikariCP\5.0.1\HikariCP-5.0.1.jar;C:\Users\hugom\.m2\repository\org\springframework\spring-jdbc\6.0.11\spring-jdbc-6.0.11.jar;C:\Users\hugom\.m2\repository\org\hibernate\orm\hibernate-core\6.2.7.Final\hibernate-core-6.2.7.Final.jar;C:\Users\hugom\.m2\repository\jakarta\persistence\jakarta.persistence-api\3.1.0\jakarta.persistence-api-3.1.0.jar;C:\Users\hugom\.m2\repository\jakarta\transaction\jakarta.transaction-api\2.0.1\jakarta.transaction-api-2.0.1.jar;C:\Users\hugom\.m2\repository\org\jboss\logging\jboss-logging\3.5.3.Final\jboss-logging-3.5.3.Final.jar;C:\Users\hugom\.m2\repository\org\hibernate\common\hibernate-commons-annotations\6.0.6.Final\hibernate-commons-annotations-6.0.6.Final.jar;C:\Users\hugom\.m2\repository\io\smallrye\jandex\3.0.5\jandex-3.0.5.jar;C:\Users\hugom\.m2\repository\com\fasterxml\classmate\1.5.1\classmate-1.5.1.jar;C:\Users\hugom\.m2\repository\net\bytebuddy\byte-buddy\1.14.6\byte-buddy-1.14.6.jar;C:\Users\hugom\.m2\repository\org\glassfish\jaxb\jaxb-runtime\4.0.3\jaxb-runtime-4.0.3.jar;C:\Users\hugom\.m2\repository\org\glassfish\jaxb\jaxb-core\4.0.3\jaxb-core-4.0.3.jar;C:\Users\hugom\.m2\repository\org\glassfish\jaxb\txw2\4.0.3\txw2-4.0.3.jar;C:\Users\hugom\.m2\repository\com\sun\istack\istack-commons-runtime\4.1.2\istack-commons-runtime-4.1.2.jar;C:\Users\hugom\.m2\repository\jakarta\inject\jakarta.inject-api\2.0.1\jakarta.inject-api-2.0.1.jar;C:\Users\hug
Launcher Type: SUN_STANDARD

[Global flags]
     intx CICompilerCount                          = 4                                         {product} {ergonomic}
     uint ConcGCThreads                            = 2                                         {product} {ergonomic}
     uint G1ConcRefinementThreads                  = 8                                         {product} {ergonomic}
   size_t G1HeapRegionSize                         = 2097152                                   {product} {ergonomic}
    uintx GCDrainStackTargetSize                   = 64                                        {product} {ergonomic}
   size_t InitialHeapSize                          = 266338304                                 {product} {ergonomic}
   size_t MarkStackSize                            = 4194304                                   {product} {ergonomic}
   size_t MaxHeapSize                              = 4253024256                                {product} {ergonomic}
   size_t MinHeapDeltaBytes                        = 2097152                                   {product} {ergonomic}
   size_t MinHeapSize                              = 8388608                                   {product} {ergonomic}
    uintx NonNMethodCodeHeapSize                   = 5839372                                {pd product} {ergonomic}
    uintx NonProfiledCodeHeapSize                  = 122909434                              {pd product} {ergonomic}
    uintx ProfiledCodeHeapSize                     = 122909434                              {pd product} {ergonomic}
    uintx ReservedCodeCacheSize                    = 251658240                              {pd product} {ergonomic}
     bool SegmentedCodeCache                       = true                                      {product} {ergonomic}
   size_t SoftMaxHeapSize                          = 4253024256                             {manageable} {ergonomic}
     bool UseCompressedClassPointers               = true                           {product lp64_product} {ergonomic}
     bool UseCompressedOops                        = true                           {product lp64_product} {ergonomic}
     bool UseG1GC                                  = true                                      {product} {ergonomic}
     bool UseLargePagesIndividualAllocation        = false                                  {pd product} {ergonomic}

Logging:
Log output configuration:
 #0: stdout all=warning uptime,level,tags
 #1: stderr all=off uptime,level,tags

Environment Variables:
JAVA_HOME=C:\jdk-17.0.8_windows-x64_bin\jdk-17.0.8
PATH=C:\Program Files (x86)\Common Files\Oracle\Java\javapath;C:\Python311\Scripts\;C:\Python311\;C:\WINDOWS\system32;C:\WINDOWS;C:\WINDOWS\System32\WindowsPowerShell\v1.0\;C:\WINDOWS\System32\OpenSSH\;C:\Program Files\Git\cmd;";C:\laragon\bin\php\php-8.0.11";C:\Program Files\MySQL\MySQL Utilities 1.6\;C:\ProgramData\chocolatey\bin;;C:\WINDOWS\System32\Wbem;C:\Program Files\nodejs\;C:\Program Files\MySQL\MySQL Shell 8.0\bin\;C:\laragon\bin;C:\laragon\bin\apache\httpd-2.4.51-win64-VS16\bin;C:\laragon\bin\composer;C:\laragon\bin\git\bin;C:\laragon\bin\git\cmd;C:\laragon\bin\git\mingw64\bin;C:\laragon\bin\git\usr\bin;C:\laragon\bin\laragon\utils;C:\laragon\bin\mysql\mysql-5.7.33-winx64\bin;C:\laragon\bin\nginx\nginx-1.19.10;C:\laragon\bin\ngrok;C:\laragon\bin\nodejs\node-v14;C:\laragon\bin\notepad++;C:\laragon\bin\php\php-8.1.6-Win32-vs16-x64;C:\laragon\bin\redis\redis-x64-3.2.100;C:\laragon\bin\telnet;C:\laragon\usr\bin;C:\Users\hugom\AppData\Local\Yarn\config\global\node_modules\.bin;C:\Users\hugom\AppData\Roaming\Composer\vendor\bin;C:\Users\hugom\scoop\shims;C:\Users\hugom\AppData\Local\Microsoft\WindowsApps;C:\Users\hugom\AppData\Local\Programs\Microsoft VS Code\bin;C:\Program Files\JetBrains\IntelliJ IDEA Community Edition 2023.2.2\bin;;C:\jdk-17.0.8_windows-x64_bin\jdk-17.0.8\bin;;C:\Users\hugom\AppData\Local\Microsoft\WindowsApps;C:\Users\hugom\AppData\Roaming\npm
USERNAME=hugom
OS=Windows_NT
PROCESSOR_IDENTIFIER=Intel64 Family 6 Model 142 Stepping 12, GenuineIntel



---------------  S Y S T E M  ---------------

OS:
 Windows 11 , 64 bit Build 22621 (10.0.22621.3672)
OS uptime: 16 days 14:27 hours

CPU: total 8 (initial active 8) (4 cores per cpu, 2 threads per core) family 6 model 142 stepping 12 microcode 0xde, cx8, cmov, fxsr, ht, mmx, 3dnowpref, sse, sse2, sse3, ssse3, sse4.1, sse4.2, popcnt, lzcnt, tsc, tscinvbit, avx, avx2, aes, erms, clmul, bmi1, bmi2, adx, fma, vzeroupper, clflush, clflushopt

Memory: 4k page, system-wide physical 16217M (2719M free)
TotalPageFile size 31577M (AvailPageFile size 212M)
current process WorkingSet (physical memory assigned to process): 11M, peak: 11M
current process commit charge ("private bytes"): 60M, peak: 314M

vm_info: Java HotSpot(TM) 64-Bit Server VM (17.0.8+9-LTS-211) for windows-amd64 JRE (17.0.8+9-LTS-211), built on Jun 14 2023 10:34:31 by "mach5one" with MS VC++ 17.1 (VS2022)

END.
